***ERROR***:6:35:	Can only concatenate strings

------
Compilation error
------
