***ERROR***:3:21:	OR-ELSE  works on boolean values

------
Compilation error
------
