***ERROR***:3:57:	Erroneous repetition of parameters

------
Compilation error
------
