***ERROR***:12:38:	Undefined return type

------
Compilation error
------
