***ERROR***:4:26:	Undeclared variable ` j '

------
Compilation error
------
