***ERROR***:6:47:	Array indices must all be of enumeratable type, given ` me '

------
Compilation error
------
