***ERROR***:3:34:	Function arguments can't have mode OUT
***ERROR***:7:37:	Function arguments can't have mode OUT

------
Compilation error
------
