***ERROR***:11:45:	No compatible function found

------
Compilation error
------
