***ERROR***:11:46:	No compatible function found
***ERROR***:11:71:	No compatible function found

------
Compilation error
------
