***ERROR***:7:29:	Not compatible enumerator type instances
***ERROR***:7:45:	Not compatible enumerator type instances
***ERROR***:7:72:	Not compatible enumerator type instances

------
Compilation error
------
