***ERROR***:3:23:	MUL  works on numeric values of the same type

------
Compilation error
------
