***ERROR***:32:24:	No compatible function found

------
Compilation error
------
