***ERROR***:8:20:	Uninitialized type ` bloodtype '

------
Compilation error
------
