***ERROR***:12:14:	Not in a function to be able to return from

------
Compilation error
------
