***ERROR***:11:6:	conflicting declarations of variable  age

------
Compilation error
------
