***ERROR***:28:34:	No compatible function found

------
Compilation error
------
