***ERROR***:9:6:	conflicting declarations of variable  a

------
Compilation error
------
