***ERROR***:10:45:	No compatible function found

------
Compilation error
------
