***ERROR***:2:34:	NOT takes a boolean type

------
Compilation error
------
