***ERROR***:4:6:	Incompatible types in assignment of ` universal string ' to ` universal boolean '

------
Compilation error
------
