***ERROR***:5:25:	MUL  works on numeric values of the same type

------
Compilation error
------
