***ERROR***:2:54	Conflicting declaration of `sun'
***ERROR***:2:54	Conflicting declaration of `sun'

------
Compilation error
------
