***ERROR***:2:39:	Expected ";" but found "return"
