***ERROR***:3:73:	Mixing unconstrained and constrained array definitions

------
Compilation error
------
