***ERROR***:10:28:	Expression must be followed by .. and expression

------
Compilation error
------
