***ERROR***:3:6:	Incompatible types in assignment of ` universal integer ' to ` universal boolean '

------
Compilation error
------
