***ERROR***:2:21:	MUL  works on numeric values of the same type

------
Compilation error
------
