***ERROR***:28:7:	Incompatible types in assignment of ` void ' to ` universal integer '

------
Compilation error
------
