***ERROR***:2:45:	Can only concatenate strings

------
Compilation error
------
