***ERROR***:1:9:	Package name declaration and closure are not the same

------
Compilation error
------
