***ERROR***:6:22:	Ambiguous operands for comparison

------
Compilation error
------
